{
  "crash_type": "CHECK failure",
  "crash_state": "JSFunctionRef construction failed"
}