{
  "crash_type": "CHECK failure",
  "crash_state": "!maybe.IsCleared() in code-inl.h"
}