tick 20
tick 19
tick 18
tick 17
tick 16
tick 15
tick 14
tick 13
tick 12
tick 11
tick 10
tick 9
tick 8
tick 7
tick 6
tick 5
tick 4
tick 3
tick 2
tick 1
tick 0
