*%(basename)s:6: SyntaxError: Identifier 'foo' has already been declared
import { foo } from "mod";
         ^^^
SyntaxError: Identifier 'foo' has already been declared
