*%(basename)s:7: SyntaxError: Unexpected token '...'
(x, ...y)
    ^^^
SyntaxError: Unexpected token '...'
