*%(basename)s:5: SyntaxError: Export 'x' is not defined in module
export {x};
        ^
SyntaxError: Export 'x' is not defined in module

