# Copyright 2022 the V8 project authors. All rights reserved.
# Use of this source code is governed by a BSD-style license that can be
# found in the LICENSE file.

*%(basename)s:9: Error
  throw new Error;
  ^
Error
    at SomeClass.someMethod [as a] (*%(basename)s:9:9)
    at *%(basename)s:12:9

